// Jest Snapshot v1, https://goo.gl/fbAQLP

exports[`should render Starting Weight Form with required props 1`] = `
<Fragment>
  <ChinupForm
    submitChinups={[Function]}
  />
</Fragment>
`;
